{"events":[],"callbacks":{"onadd":"onadd"},"choices":[],"states":[{"name":"one","activities":{"do":["onadd"],"entry":[],"entered":[],"exit":[]}},{"name":"two","activities":{"do":["onadd"],"entry":[],"entered":[],"exit":[]}}],"final":[]}