{"events":[{"name":"multiple","from":"none","to":"none__multiple","label":"multiple"},{"name":"none__multiple--one","from":"none__multiple","to":"one","label":""},{"name":"none__multiple--two","from":"none__multiple","to":"two","label":""}],"choices":["none__multiple"],"states":[{"name":"one","activities":{"do":[],"entry":[],"entered":[],"exit":[]}},{"name":"two","activities":{"do":[],"entry":[],"entered":[],"exit":[]}}],"final":[],"initial":"none"}