{"events":[],"callbacks":{"onDo":"onDo"},"choices":[],"states":[{"name":"ready","activities":{"do":["onDo"],"entry":[],"entered":[],"exit":[]}}],"final":[]}