{"events":[],"choices":[],"states":[{"name":"one","activities":{"do":["ev"],"entry":[],"entered":[],"exit":[]}}],"final":[]}