{"events":[],"choices":[],"states":[{"name":"one","activities":{"do":["justName"],"entry":[],"entered":[],"exit":[]}}],"final":[]}