{"final":["stop"],"choices":[],"states":[],"events":[]}