{"events":[{"name":"multiple","from":"one","to":"three","label":"multiple"},{"name":"multiple","from":"two","to":"three","label":"multiple"}],"choices":[],"states":[{"name":"one","activities":{"do":[],"entry":[],"entered":[],"exit":[]}},{"name":"two","activities":{"do":[],"entry":[],"entered":[],"exit":[]}},{"name":"three","activities":{"do":[],"entry":[],"entered":[],"exit":[]}}],"final":[]}