{"initial":"start","choices":[],"states":[],"final":[],"events":[]}